// Jest Snapshot v1, https://goo.gl/fbAQLP

exports[`MyComponent component matches the snapshot 1`] = `
<div
  className="card"
>
  <div
    className="card-body"
  >
    <h4
      className="card-title"
    >
      Right Side
    </h4>
    <p
      className="card-text"
    >
      Some example text. Some example text.
    </p>
    <a
      className="card-link"
      href="#"
    >
      Card link
    </a>
    <a
      className="card-link"
      href="#"
    >
      Another link
    </a>
  </div>
</div>
`;
